<?xml version="1.0" encoding="utf-8"?>
<TestRun id="7f3e37c8-1f7b-4f84-b25d-c57b3b597928" name="Kelvyn@DESKTOP-IA89BQF 2019-10-25 15:52:43" runUser="DESKTOP-IA89BQF\Kelvyn" xmlns="http://microsoft.com/schemas/VisualStudio/TeamTest/2010">
  <Times creation="2019-10-25T15:52:43.1286575-03:00" queuing="2019-10-25T15:52:43.1286609-03:00" start="2019-10-25T15:52:41.4238999-03:00" finish="2019-10-25T15:52:43.1822854-03:00" />
  <TestSettings name="default" id="79adb698-7d97-44cb-b58d-3a71b2336f57">
    <Deployment runDeploymentRoot="Kelvyn_DESKTOP-IA89BQF_2019-10-25_15_52_43" />
  </TestSettings>
  <Results>
    <UnitTestResult executionId="99c58f1c-47b0-4f23-a964-38d38160f673" testId="9d68ef4c-745e-602d-0611-a578f2a8d143" testName="Test2" computerName="DESKTOP-IA89BQF" duration="00:00:00.0361000" startTime="2019-10-25T15:52:42.0000000-03:00" endTime="2019-10-25T15:52:42.0000000-03:00" testType="13cdc9d9-ddb5-4fa4-a97d-d965ccfc6d4b" outcome="Failed" testListId="8c84fa94-04c1-424b-9868-57a2d4851a1d" relativeResultsDirectory="99c58f1c-47b0-4f23-a964-38d38160f673">
      <Output>
        <ErrorInfo>
          <Message>  Expected: not equal to "b"&#xD;
  But was:  "b"&#xD;
</Message>
          <StackTrace>   at FingerPrint.Tests.Tests.Test2() in C:\git\FingerPrintDotNet\FingerPrint.Tests\UnitTest1.cs:line 23&#xD;
</StackTrace>
        </ErrorInfo>
      </Output>
    </UnitTestResult>
    <UnitTestResult executionId="b92ebbb1-9e51-4416-bbff-c5cb29029b4c" testId="161f44a3-b2b4-ce57-6c3c-ce24300abb65" testName="Test1" computerName="DESKTOP-IA89BQF" duration="00:00:00.0067580" startTime="2019-10-25T15:52:42.0000000-03:00" endTime="2019-10-25T15:52:42.0000000-03:00" testType="13cdc9d9-ddb5-4fa4-a97d-d965ccfc6d4b" outcome="Passed" testListId="8c84fa94-04c1-424b-9868-57a2d4851a1d" relativeResultsDirectory="b92ebbb1-9e51-4416-bbff-c5cb29029b4c" />
  </Results>
  <TestDefinitions>
    <UnitTest name="Test2" storage="c:\git\fingerprintdotnet\fingerprint.tests\bin\debug\netcoreapp3.0\fingerprint.tests.dll" id="9d68ef4c-745e-602d-0611-a578f2a8d143">
      <Execution id="99c58f1c-47b0-4f23-a964-38d38160f673" />
      <TestMethod codeBase="C:\git\FingerPrintDotNet\FingerPrint.Tests\bin\Debug\netcoreapp3.0\FingerPrint.Tests.dll" adapterTypeName="executor://nunit3testexecutor/" className="FingerPrint.Tests.Tests" name="Test2" />
    </UnitTest>
    <UnitTest name="Test1" storage="c:\git\fingerprintdotnet\fingerprint.tests\bin\debug\netcoreapp3.0\fingerprint.tests.dll" id="161f44a3-b2b4-ce57-6c3c-ce24300abb65">
      <Execution id="b92ebbb1-9e51-4416-bbff-c5cb29029b4c" />
      <TestMethod codeBase="C:\git\FingerPrintDotNet\FingerPrint.Tests\bin\Debug\netcoreapp3.0\FingerPrint.Tests.dll" adapterTypeName="executor://nunit3testexecutor/" className="FingerPrint.Tests.Tests" name="Test1" />
    </UnitTest>
  </TestDefinitions>
  <TestEntries>
    <TestEntry testId="9d68ef4c-745e-602d-0611-a578f2a8d143" executionId="99c58f1c-47b0-4f23-a964-38d38160f673" testListId="8c84fa94-04c1-424b-9868-57a2d4851a1d" />
    <TestEntry testId="161f44a3-b2b4-ce57-6c3c-ce24300abb65" executionId="b92ebbb1-9e51-4416-bbff-c5cb29029b4c" testListId="8c84fa94-04c1-424b-9868-57a2d4851a1d" />
  </TestEntries>
  <TestLists>
    <TestList name="Resultados que não estão em uma lista" id="8c84fa94-04c1-424b-9868-57a2d4851a1d" />
    <TestList name="Todos os resultados carregados" id="19431567-8539-422a-85d7-44ee4e166bda" />
  </TestLists>
  <ResultSummary outcome="Failed">
    <Counters total="2" executed="2" passed="1" failed="1" error="0" timeout="0" aborted="0" inconclusive="0" passedButRunAborted="0" notRunnable="0" notExecuted="0" disconnected="0" warning="0" completed="0" inProgress="0" pending="0" />
    <Output>
      <StdOut>NUnit Adapter 3.15.1.0: Test execution started&#xD;
Running all tests in C:\git\FingerPrintDotNet\FingerPrint.Tests\bin\Debug\netcoreapp3.0\FingerPrint.Tests.dll&#xD;
   NUnit3TestExecutor converted 2 of 2 NUnit test cases&#xD;
NUnit Adapter 3.15.1.0: Test execution complete&#xD;
</StdOut>
    </Output>
  </ResultSummary>
</TestRun>